// Jest Snapshot v1, https://goo.gl/fbAQLP

exports[`it should test the modal component should test the snapshot 1`] = `
<DocumentFragment>
  <div
    class="sc-fubCfw jYuqbo"
  >
    <div
      class="sc-iBPRYJ grmMKG"
      data-testid="close"
    >
      <svg
        aria-hidden="true"
        class="MuiSvgIcon-root"
        focusable="false"
        style="font-size: 40px;"
        viewBox="0 0 24 24"
      >
        <path
          d="M19 6.41L17.59 5 12 10.59 6.41 5 5 6.41 10.59 12 5 17.59 6.41 19 12 13.41 17.59 19 19 17.59 13.41 12z"
        />
      </svg>
    </div>
    <div
      class="sc-pFZIQ khhPKQ"
    >
      <form
        class="sc-hKgILt iwQOHX"
      >
        <div
          class="sc-gsTCUz kjJXq"
        >
          <label
            for="search"
          />
          <input
            class="sc-bdfBwQ gqfphm"
            id="search"
            name="search"
            placeholder="e.g. blueberry, micro greens, Smith"
            type="text"
            value=""
          />
          <button
            class="sc-dlfnbm kghUrZ"
            data-testid="submit"
            type="submit"
          >
            <svg
              aria-hidden="true"
              class="MuiSvgIcon-root"
              focusable="false"
              style="font-size: 30px; font-weight: bold;"
              viewBox="0 0 24 24"
            >
              <path
                d="M15.5 14h-.79l-.28-.27C15.41 12.59 16 11.11 16 9.5 16 5.91 13.09 3 9.5 3S3 5.91 3 9.5 5.91 16 9.5 16c1.61 0 3.09-.59 4.23-1.57l.27.28v.79l5 4.99L20.49 19l-4.99-5zm-6 0C7.01 14 5 11.99 5 9.5S7.01 5 9.5 5 14 7.01 14 9.5 11.99 14 9.5 14z"
              />
            </svg>
          </button>
        </div>
      </form>
      <div
        class="sc-jSgupP gEPNEN"
      >
        <div
          class="sc-gKsewC hRCawB"
        >
          features
        </div>
        <div
          class="sc-gKsewC hRCawB"
        >
          Network
        </div>
        <div
          class="sc-gKsewC hRCawB"
        >
          Careers
        </div>
        <div
          class="sc-gKsewC hRCawB"
        >
          Terms and Conditions
        </div>
        <div
          class="sc-gKsewC hRCawB"
        >
          Register
        </div>
        <div
          class="sc-gKsewC hRCawB"
        >
          Login
        </div>
        <div
          class="sc-eCssSg cchNuU"
        >
          Become a Vendor
        </div>
      </div>
    </div>
  </div>
</DocumentFragment>
`;
